 
****************************************
Report : resources
Design : mac_dp
Version: P-2019.03-SP5
Date   : Thu Feb 24 11:58:10 2022
****************************************


Resource Report for this hierarchy in file ./mac_dp.vhd
=============================================================================
| Cell           | Module         | Parameters | Contained Operations       |
=============================================================================
| mult_x_4       | DW_mult_tc     | a_width=17 | mult_102 (mac_dp.vhd:102)  |
|                |                | b_width=17 |                            |
| DP_OP_39J1_122_1610             |            |                            |
|                | DP_OP_39J1_122_1610 |       |                            |
=============================================================================

Datapath Report for DP_OP_39J1_122_1610
==============================================================================
| Cell                 | Contained Operations                                |
==============================================================================
| DP_OP_39J1_122_1610  | add_167 (mac_dp.vhd:167) add_167_2 (mac_dp.vhd:167) |
==============================================================================

==============================================================================
|       |      | Data     |       |                                          |
| Var   | Type | Class    | Width | Expression                               |
==============================================================================
| I1    | PI   | Unsigned | 40    |                                          |
| I2    | PI   | Unsigned | 40    |                                          |
| I3    | PI   | Unsigned | 1     |                                          |
| O1    | PO   | Unsigned | 40    | I1 + I2 + I3 (mac_dp.vhd:167)            |
==============================================================================


Implementation Report
===============================================================================
|                    |                  | Current            | Set            |
| Cell               | Module           | Implementation     | Implementation |
===============================================================================
| mult_x_4           | DW_mult_tc       | apparch (area)     |                |
|                    |                  | mult_arch: benc_radix8              |
| DP_OP_39J1_122_1610                   |                    |                |
|                    | DP_OP_39J1_122_1610 | str (area,speed)                 |
===============================================================================

1
